// Jest Snapshot v1, https://goo.gl/fbAQLP

exports[`<App/> Matches DOM snapshot 1`] = `
<DocumentFragment>
  <div
    class="sc-jCIOXC cClzMa"
  >
    <div
      class="sc-dBwcjI bjSTWf"
    >
      <textarea
        class="editor__editor"
        data-testid="editor"
      />
      <div
        class="editor__result"
        data-testid="editor-result"
      />
    </div>
    <div
      class="sc-hfDuwB kkTnSy"
    >
      <button
        class="sc-fBEEOr jhYYDd"
        data-testid="render-button"
        type="button"
      >
        Render
      </button>
    </div>
    <label>
      <input
        data-testid="live-render-toggle"
        type="checkbox"
      />
      Live render
    </label>
  </div>
</DocumentFragment>
`;
